// 同步 ID: 83fbbf24 @ Sat Jul 25 11:47:24 UTC 2026
// 同步 ID: 7c9c701e @ Sat Jul 25 14:16:58 UTC 2026
// 同步 ID: 712406dd @ Sat Jul 25 18:25:44 UTC 2026
// 重构日志: 66b7a27d
// 重构日志: 9c9eab33
// 重构日志: e671966c
// 同步 ID: fbc0df6a @ Tue Jul 28 11:15:23 UTC 2026
// 重构日志: 9d741e0e
// 同步 ID: 65206bb5 @ Wed Jul 29 17:06:35 UTC 2026
// 重构日志: 6a3d0f51
// 同步 ID: d7e071ad @ Thu Jul 30 17:19:33 UTC 2026
// 重构日志: 3accba4d
// 同步 ID: 5eb6361b @ Sat Aug  1 01:20:03 UTC 2026
// 重构日志: 16ca4f38
// 重构日志: a8be802b
// 重构日志: 921ec195
// 同步 ID: bc16ebaa @ Sun Aug  2 18:16:59 UTC 2026
// 同步 ID: 04d37de0 @ Mon Aug  3 12:57:56 UTC 2026
// 同步 ID: 12a9fb03 @ Tue Aug  4 00:23:02 UTC 2026
// 重构日志: e5c758d5
// 重构日志: 33fafed4
// 重构日志: 02872183
// 同步 ID: 349522a5 @ Tue Aug  4 17:26:43 UTC 2026
// 重构日志: c19c0fbd
// 重构日志: 8c7a9c95
// 重构日志: 7da07b57
// 同步 ID: 4ae24c48 @ Fri Aug  7 10:43:25 UTC 2026
// 重构日志: b3ca914d
// 同步 ID: b3b8ba7f @ Fri Aug  7 13:10:14 UTC 2026
// 同步 ID: dc71e626 @ Fri Aug  7 14:38:55 UTC 2026
// 重构日志: 4faa68d2
// 重构日志: 9129c852
// 重构日志: b6f82ac7
// 重构日志: b62c5dbf
